// Jest Snapshot v1, https://goo.gl/fbAQLP

exports[`LoadingError Component should match LoadingError component snapshot 1`] = `
ShallowWrapper {
  Symbol(enzyme.__root__): [Circular],
  Symbol(enzyme.__unrendered__): <LoadingError
    error="test error"
/>,
  Symbol(enzyme.__renderer__): Object {
    "batchedUpdates": [Function],
    "getNode": [Function],
    "render": [Function],
    "simulateError": [Function],
    "simulateEvent": [Function],
    "unmount": [Function],
  },
  Symbol(enzyme.__node__): Object {
    "instance": null,
    "key": undefined,
    "nodeType": "host",
    "props": Object {
      "children": Array [
        "Oh no! There was an issue loading Pokemon! ",
        <button
          className="show-error-button"
          onClick={[Function]}
>
          See error
</button>,
      ],
    },
    "ref": null,
    "rendered": Array [
      "Oh no! There was an issue loading Pokemon! ",
      Object {
        "instance": null,
        "key": undefined,
        "nodeType": "host",
        "props": Object {
          "children": "See error",
          "className": "show-error-button",
          "onClick": [Function],
        },
        "ref": null,
        "rendered": "See error",
        "type": "button",
      },
    ],
    "type": "h2",
  },
  Symbol(enzyme.__nodes__): Array [
    Object {
      "instance": null,
      "key": undefined,
      "nodeType": "host",
      "props": Object {
        "children": Array [
          "Oh no! There was an issue loading Pokemon! ",
          <button
            className="show-error-button"
            onClick={[Function]}
>
            See error
</button>,
        ],
      },
      "ref": null,
      "rendered": Array [
        "Oh no! There was an issue loading Pokemon! ",
        Object {
          "instance": null,
          "key": undefined,
          "nodeType": "host",
          "props": Object {
            "children": "See error",
            "className": "show-error-button",
            "onClick": [Function],
          },
          "ref": null,
          "rendered": "See error",
          "type": "button",
        },
      ],
      "type": "h2",
    },
  ],
  Symbol(enzyme.__options__): Object {
    "adapter": ReactSixteenAdapter {
      "options": Object {
        "enableComponentDidUpdateOnSetState": true,
        "lifecycles": Object {
          "componentDidUpdate": Object {
            "onSetState": true,
          },
          "getDerivedStateFromProps": true,
          "getSnapshotBeforeUpdate": true,
          "setState": Object {
            "skipsComponentDidUpdateOnNullish": true,
          },
        },
      },
    },
  },
}
`;
