// Jest Snapshot v1, https://goo.gl/fbAQLP

exports[`Loader Component should match Loader component snapshot 1`] = `
ShallowWrapper {
  Symbol(enzyme.__root__): [Circular],
  Symbol(enzyme.__unrendered__): <Loader />,
  Symbol(enzyme.__renderer__): Object {
    "batchedUpdates": [Function],
    "getNode": [Function],
    "render": [Function],
    "simulateError": [Function],
    "simulateEvent": [Function],
    "unmount": [Function],
  },
  Symbol(enzyme.__node__): Object {
    "instance": null,
    "key": undefined,
    "nodeType": "host",
    "props": Object {
      "align": "center",
      "children": <img
        alt="Loading more Pokémon"
        src="loading_icon.gif"
/>,
    },
    "ref": null,
    "rendered": Object {
      "instance": null,
      "key": "loader",
      "nodeType": "host",
      "props": Object {
        "alt": "Loading more Pokémon",
        "src": "loading_icon.gif",
      },
      "ref": null,
      "rendered": null,
      "type": "img",
    },
    "type": "div",
  },
  Symbol(enzyme.__nodes__): Array [
    Object {
      "instance": null,
      "key": undefined,
      "nodeType": "host",
      "props": Object {
        "align": "center",
        "children": <img
          alt="Loading more Pokémon"
          src="loading_icon.gif"
/>,
      },
      "ref": null,
      "rendered": Object {
        "instance": null,
        "key": "loader",
        "nodeType": "host",
        "props": Object {
          "alt": "Loading more Pokémon",
          "src": "loading_icon.gif",
        },
        "ref": null,
        "rendered": null,
        "type": "img",
      },
      "type": "div",
    },
  ],
  Symbol(enzyme.__options__): Object {
    "adapter": ReactSixteenAdapter {
      "options": Object {
        "enableComponentDidUpdateOnSetState": true,
        "lifecycles": Object {
          "componentDidUpdate": Object {
            "onSetState": true,
          },
          "getDerivedStateFromProps": true,
          "getSnapshotBeforeUpdate": true,
          "setState": Object {
            "skipsComponentDidUpdateOnNullish": true,
          },
        },
      },
    },
  },
}
`;
