// Jest Snapshot v1, https://goo.gl/fbAQLP

exports[`Home Component should match Home component snapshot 1`] = `
ShallowWrapper {
  Symbol(enzyme.__root__): [Circular],
  Symbol(enzyme.__unrendered__): <Home />,
  Symbol(enzyme.__renderer__): Object {
    "batchedUpdates": [Function],
    "getNode": [Function],
    "render": [Function],
    "simulateError": [Function],
    "simulateEvent": [Function],
    "unmount": [Function],
  },
  Symbol(enzyme.__node__): Object {
    "instance": null,
    "key": undefined,
    "nodeType": "host",
    "props": Object {
      "children": Array [
        <Header />,
        <InfiniteScroll
          element="div"
          hasMore={true}
          initialLoad={false}
          isReverse={false}
          loadMore={[Function]}
          loader={<NoPokemon />}
          pageStart={0}
          ref={null}
          threshold={250}
          useCapture={false}
          useWindow={true}
>
          <div
                    className="cardContainer"
          >
                    
          </div>
</InfiniteScroll>,
      ],
    },
    "ref": null,
    "rendered": Array [
      Object {
        "instance": null,
        "key": undefined,
        "nodeType": "function",
        "props": Object {},
        "ref": null,
        "rendered": null,
        "type": [Function],
      },
      Object {
        "instance": null,
        "key": undefined,
        "nodeType": "class",
        "props": Object {
          "children": <div
            className="cardContainer"
>
            
</div>,
          "element": "div",
          "hasMore": true,
          "initialLoad": false,
          "isReverse": false,
          "loadMore": [Function],
          "loader": <NoPokemon />,
          "pageStart": 0,
          "ref": null,
          "threshold": 250,
          "useCapture": false,
          "useWindow": true,
        },
        "ref": null,
        "rendered": Object {
          "instance": null,
          "key": undefined,
          "nodeType": "host",
          "props": Object {
            "children": Array [],
            "className": "cardContainer",
          },
          "ref": null,
          "rendered": Array [],
          "type": "div",
        },
        "type": [Function],
      },
    ],
    "type": "div",
  },
  Symbol(enzyme.__nodes__): Array [
    Object {
      "instance": null,
      "key": undefined,
      "nodeType": "host",
      "props": Object {
        "children": Array [
          <Header />,
          <InfiniteScroll
            element="div"
            hasMore={true}
            initialLoad={false}
            isReverse={false}
            loadMore={[Function]}
            loader={<NoPokemon />}
            pageStart={0}
            ref={null}
            threshold={250}
            useCapture={false}
            useWindow={true}
>
            <div
                        className="cardContainer"
            >
                        
            </div>
</InfiniteScroll>,
        ],
      },
      "ref": null,
      "rendered": Array [
        Object {
          "instance": null,
          "key": undefined,
          "nodeType": "function",
          "props": Object {},
          "ref": null,
          "rendered": null,
          "type": [Function],
        },
        Object {
          "instance": null,
          "key": undefined,
          "nodeType": "class",
          "props": Object {
            "children": <div
              className="cardContainer"
>
              
</div>,
            "element": "div",
            "hasMore": true,
            "initialLoad": false,
            "isReverse": false,
            "loadMore": [Function],
            "loader": <NoPokemon />,
            "pageStart": 0,
            "ref": null,
            "threshold": 250,
            "useCapture": false,
            "useWindow": true,
          },
          "ref": null,
          "rendered": Object {
            "instance": null,
            "key": undefined,
            "nodeType": "host",
            "props": Object {
              "children": Array [],
              "className": "cardContainer",
            },
            "ref": null,
            "rendered": Array [],
            "type": "div",
          },
          "type": [Function],
        },
      ],
      "type": "div",
    },
  ],
  Symbol(enzyme.__options__): Object {
    "adapter": ReactSixteenAdapter {
      "options": Object {
        "enableComponentDidUpdateOnSetState": true,
        "lifecycles": Object {
          "componentDidUpdate": Object {
            "onSetState": true,
          },
          "getDerivedStateFromProps": true,
          "getSnapshotBeforeUpdate": true,
          "setState": Object {
            "skipsComponentDidUpdateOnNullish": true,
          },
        },
      },
    },
  },
}
`;
