// Jest Snapshot v1, https://goo.gl/fbAQLP

exports[`AlternateForms Component should match AlternateForms component snapshot 1`] = `
ShallowWrapper {
  Symbol(enzyme.__root__): [Circular],
  Symbol(enzyme.__unrendered__): <AlternateForms
    forms={
        Array [
            Object {
              "image_path": "/sprites/pokemon/large/12.png",
              "name": "Butterfree",
            },
          ]
    }
    selectForm={[Function]}
    selectedForm={0}
/>,
  Symbol(enzyme.__renderer__): Object {
    "batchedUpdates": [Function],
    "getNode": [Function],
    "render": [Function],
    "simulateError": [Function],
    "simulateEvent": [Function],
    "unmount": [Function],
  },
  Symbol(enzyme.__node__): Object {
    "instance": null,
    "key": undefined,
    "nodeType": "host",
    "props": Object {
      "children": Array [
        <Form
          image_path="/sprites/pokemon/large/12.png"
          name="Butterfree"
          onClick={[Function]}
          selected={true}
/>,
      ],
      "className": "form-container",
    },
    "ref": null,
    "rendered": Array [
      Object {
        "instance": null,
        "key": "Butterfree",
        "nodeType": "class",
        "props": Object {
          "image_path": "/sprites/pokemon/large/12.png",
          "name": "Butterfree",
          "onClick": [Function],
          "selected": true,
        },
        "ref": null,
        "rendered": null,
        "type": [Function],
      },
    ],
    "type": "div",
  },
  Symbol(enzyme.__nodes__): Array [
    Object {
      "instance": null,
      "key": undefined,
      "nodeType": "host",
      "props": Object {
        "children": Array [
          <Form
            image_path="/sprites/pokemon/large/12.png"
            name="Butterfree"
            onClick={[Function]}
            selected={true}
/>,
        ],
        "className": "form-container",
      },
      "ref": null,
      "rendered": Array [
        Object {
          "instance": null,
          "key": "Butterfree",
          "nodeType": "class",
          "props": Object {
            "image_path": "/sprites/pokemon/large/12.png",
            "name": "Butterfree",
            "onClick": [Function],
            "selected": true,
          },
          "ref": null,
          "rendered": null,
          "type": [Function],
        },
      ],
      "type": "div",
    },
  ],
  Symbol(enzyme.__options__): Object {
    "adapter": ReactSixteenAdapter {
      "options": Object {
        "enableComponentDidUpdateOnSetState": true,
        "lifecycles": Object {
          "componentDidUpdate": Object {
            "onSetState": true,
          },
          "getDerivedStateFromProps": true,
          "getSnapshotBeforeUpdate": true,
          "setState": Object {
            "skipsComponentDidUpdateOnNullish": true,
          },
        },
      },
    },
  },
}
`;
