// Jest Snapshot v1, https://goo.gl/fbAQLP

exports[`Form Component should match Form component snapshot 1`] = `
ShallowWrapper {
  Symbol(enzyme.__root__): [Circular],
  Symbol(enzyme.__unrendered__): <Form
    image_path="/sprites/pokemon/large/12.png"
    name="Butterfree"
    onClick={[Function]}
    selected={false}
/>,
  Symbol(enzyme.__renderer__): Object {
    "batchedUpdates": [Function],
    "getNode": [Function],
    "render": [Function],
    "simulateError": [Function],
    "simulateEvent": [Function],
    "unmount": [Function],
  },
  Symbol(enzyme.__node__): Object {
    "instance": null,
    "key": undefined,
    "nodeType": "host",
    "props": Object {
      "children": <img
        alt="Butterfree-alt"
        className="sprite"
        src="https://pokedex-backend-server.herokuapp.com/sprites/pokemon/large/12.png"
/>,
      "className": "form ",
      "onClick": [Function],
    },
    "ref": null,
    "rendered": Object {
      "instance": null,
      "key": undefined,
      "nodeType": "host",
      "props": Object {
        "alt": "Butterfree-alt",
        "className": "sprite",
        "src": "https://pokedex-backend-server.herokuapp.com/sprites/pokemon/large/12.png",
      },
      "ref": null,
      "rendered": null,
      "type": "img",
    },
    "type": "div",
  },
  Symbol(enzyme.__nodes__): Array [
    Object {
      "instance": null,
      "key": undefined,
      "nodeType": "host",
      "props": Object {
        "children": <img
          alt="Butterfree-alt"
          className="sprite"
          src="https://pokedex-backend-server.herokuapp.com/sprites/pokemon/large/12.png"
/>,
        "className": "form ",
        "onClick": [Function],
      },
      "ref": null,
      "rendered": Object {
        "instance": null,
        "key": undefined,
        "nodeType": "host",
        "props": Object {
          "alt": "Butterfree-alt",
          "className": "sprite",
          "src": "https://pokedex-backend-server.herokuapp.com/sprites/pokemon/large/12.png",
        },
        "ref": null,
        "rendered": null,
        "type": "img",
      },
      "type": "div",
    },
  ],
  Symbol(enzyme.__options__): Object {
    "adapter": ReactSixteenAdapter {
      "options": Object {
        "enableComponentDidUpdateOnSetState": true,
        "lifecycles": Object {
          "componentDidUpdate": Object {
            "onSetState": true,
          },
          "getDerivedStateFromProps": true,
          "getSnapshotBeforeUpdate": true,
          "setState": Object {
            "skipsComponentDidUpdateOnNullish": true,
          },
        },
      },
    },
  },
}
`;
