// Jest Snapshot v1, https://goo.gl/fbAQLP

exports[`PokemonModal Component should match PokemonModal component snapshot 1`] = `
ShallowWrapper {
  Symbol(enzyme.__root__): [Circular],
  Symbol(enzyme.__unrendered__): <PokemonModal
    handleCloseModal={[Function]}
    modal={true}
/>,
  Symbol(enzyme.__renderer__): Object {
    "batchedUpdates": [Function],
    "getNode": [Function],
    "render": [Function],
    "simulateError": [Function],
    "simulateEvent": [Function],
    "unmount": [Function],
  },
  Symbol(enzyme.__node__): Object {
    "instance": null,
    "key": undefined,
    "nodeType": "class",
    "props": Object {
      "align": "center",
      "autoFocus": true,
      "backdrop": true,
      "backdropTransition": Object {
        "mountOnEnter": true,
        "timeout": 150,
      },
      "centered": false,
      "children": Array [
        <ModalHeader
          charCode={215}
          closeAriaLabel="Close"
          tag="h5"
          wrapTag="div"
>
          Navigate to other Pokemon
</ModalHeader>,
        <ModalBody
          tag="div"
>
          <p>
                    Will need to be edited.
          </p>
          <p>
                    Id: 
          </p>
          <p>
                    Name: 
          </p>
          <p>
                    Description: 
          </p>
          <p>
                    Species: 
          </p>
</ModalBody>,
      ],
      "className": "pokemodal",
      "external": <CloseButton
        close={[Function]}
/>,
      "fade": true,
      "isOpen": true,
      "keyboard": true,
      "modalTransition": Object {
        "timeout": 300,
      },
      "onClosed": [Function],
      "onOpened": [Function],
      "role": "dialog",
      "zIndex": 1050,
    },
    "ref": null,
    "rendered": Array [
      Object {
        "instance": null,
        "key": undefined,
        "nodeType": "function",
        "props": Object {
          "charCode": 215,
          "children": "Navigate to other Pokemon",
          "closeAriaLabel": "Close",
          "tag": "h5",
          "wrapTag": "div",
        },
        "ref": null,
        "rendered": "Navigate to other Pokemon",
        "type": [Function],
      },
      Object {
        "instance": null,
        "key": undefined,
        "nodeType": "function",
        "props": Object {
          "children": Array [
            <p>
              Will need to be edited.
</p>,
            <p>
              Id: 
</p>,
            <p>
              Name: 
</p>,
            <p>
              Description: 
</p>,
            <p>
              Species: 
</p>,
            undefined,
          ],
          "tag": "div",
        },
        "ref": null,
        "rendered": Array [
          Object {
            "instance": null,
            "key": undefined,
            "nodeType": "host",
            "props": Object {
              "children": "Will need to be edited.",
            },
            "ref": null,
            "rendered": "Will need to be edited.",
            "type": "p",
          },
          Object {
            "instance": null,
            "key": undefined,
            "nodeType": "host",
            "props": Object {
              "children": Array [
                "Id: ",
                undefined,
              ],
            },
            "ref": null,
            "rendered": Array [
              "Id: ",
              undefined,
            ],
            "type": "p",
          },
          Object {
            "instance": null,
            "key": undefined,
            "nodeType": "host",
            "props": Object {
              "children": Array [
                "Name: ",
                undefined,
              ],
            },
            "ref": null,
            "rendered": Array [
              "Name: ",
              undefined,
            ],
            "type": "p",
          },
          Object {
            "instance": null,
            "key": undefined,
            "nodeType": "host",
            "props": Object {
              "children": Array [
                "Description: ",
                undefined,
              ],
            },
            "ref": null,
            "rendered": Array [
              "Description: ",
              undefined,
            ],
            "type": "p",
          },
          Object {
            "instance": null,
            "key": undefined,
            "nodeType": "host",
            "props": Object {
              "children": Array [
                "Species: ",
                undefined,
              ],
            },
            "ref": null,
            "rendered": Array [
              "Species: ",
              undefined,
            ],
            "type": "p",
          },
          undefined,
        ],
        "type": [Function],
      },
    ],
    "type": [Function],
  },
  Symbol(enzyme.__nodes__): Array [
    Object {
      "instance": null,
      "key": undefined,
      "nodeType": "class",
      "props": Object {
        "align": "center",
        "autoFocus": true,
        "backdrop": true,
        "backdropTransition": Object {
          "mountOnEnter": true,
          "timeout": 150,
        },
        "centered": false,
        "children": Array [
          <ModalHeader
            charCode={215}
            closeAriaLabel="Close"
            tag="h5"
            wrapTag="div"
>
            Navigate to other Pokemon
</ModalHeader>,
          <ModalBody
            tag="div"
>
            <p>
                        Will need to be edited.
            </p>
            <p>
                        Id: 
            </p>
            <p>
                        Name: 
            </p>
            <p>
                        Description: 
            </p>
            <p>
                        Species: 
            </p>
</ModalBody>,
        ],
        "className": "pokemodal",
        "external": <CloseButton
          close={[Function]}
/>,
        "fade": true,
        "isOpen": true,
        "keyboard": true,
        "modalTransition": Object {
          "timeout": 300,
        },
        "onClosed": [Function],
        "onOpened": [Function],
        "role": "dialog",
        "zIndex": 1050,
      },
      "ref": null,
      "rendered": Array [
        Object {
          "instance": null,
          "key": undefined,
          "nodeType": "function",
          "props": Object {
            "charCode": 215,
            "children": "Navigate to other Pokemon",
            "closeAriaLabel": "Close",
            "tag": "h5",
            "wrapTag": "div",
          },
          "ref": null,
          "rendered": "Navigate to other Pokemon",
          "type": [Function],
        },
        Object {
          "instance": null,
          "key": undefined,
          "nodeType": "function",
          "props": Object {
            "children": Array [
              <p>
                Will need to be edited.
</p>,
              <p>
                Id: 
</p>,
              <p>
                Name: 
</p>,
              <p>
                Description: 
</p>,
              <p>
                Species: 
</p>,
              undefined,
            ],
            "tag": "div",
          },
          "ref": null,
          "rendered": Array [
            Object {
              "instance": null,
              "key": undefined,
              "nodeType": "host",
              "props": Object {
                "children": "Will need to be edited.",
              },
              "ref": null,
              "rendered": "Will need to be edited.",
              "type": "p",
            },
            Object {
              "instance": null,
              "key": undefined,
              "nodeType": "host",
              "props": Object {
                "children": Array [
                  "Id: ",
                  undefined,
                ],
              },
              "ref": null,
              "rendered": Array [
                "Id: ",
                undefined,
              ],
              "type": "p",
            },
            Object {
              "instance": null,
              "key": undefined,
              "nodeType": "host",
              "props": Object {
                "children": Array [
                  "Name: ",
                  undefined,
                ],
              },
              "ref": null,
              "rendered": Array [
                "Name: ",
                undefined,
              ],
              "type": "p",
            },
            Object {
              "instance": null,
              "key": undefined,
              "nodeType": "host",
              "props": Object {
                "children": Array [
                  "Description: ",
                  undefined,
                ],
              },
              "ref": null,
              "rendered": Array [
                "Description: ",
                undefined,
              ],
              "type": "p",
            },
            Object {
              "instance": null,
              "key": undefined,
              "nodeType": "host",
              "props": Object {
                "children": Array [
                  "Species: ",
                  undefined,
                ],
              },
              "ref": null,
              "rendered": Array [
                "Species: ",
                undefined,
              ],
              "type": "p",
            },
            undefined,
          ],
          "type": [Function],
        },
      ],
      "type": [Function],
    },
  ],
  Symbol(enzyme.__options__): Object {
    "adapter": ReactSixteenAdapter {
      "options": Object {
        "enableComponentDidUpdateOnSetState": true,
        "lifecycles": Object {
          "componentDidUpdate": Object {
            "onSetState": true,
          },
          "getDerivedStateFromProps": true,
          "getSnapshotBeforeUpdate": true,
          "setState": Object {
            "skipsComponentDidUpdateOnNullish": true,
          },
        },
      },
    },
  },
}
`;
