// Jest Snapshot v1, https://goo.gl/fbAQLP

exports[`Sprite Component should match Sprite component snapshot 1`] = `
ShallowWrapper {
  Symbol(enzyme.__root__): [Circular],
  Symbol(enzyme.__unrendered__): <Sprite
    image_path="/sprites/pokemon/large/12.png"
    name="Butterfree"
    types={
        Array [
            "bug",
            "flying",
          ]
    }
/>,
  Symbol(enzyme.__renderer__): Object {
    "batchedUpdates": [Function],
    "getNode": [Function],
    "render": [Function],
    "simulateError": [Function],
    "simulateEvent": [Function],
    "unmount": [Function],
  },
  Symbol(enzyme.__node__): Object {
    "instance": null,
    "key": undefined,
    "nodeType": "host",
    "props": Object {
      "children": Array [
        <div
          className="sprite-border primary bug-border"
>
          <div
                    className="sprite-border secondary flying-border"
          >
                    <img
                              alt="Butterfree sprite"
                              className="modal-sprite"
                              src="https://pokedex-backend-server.herokuapp.com/sprites/pokemon/large/12.png"
                    />
          </div>
</div>,
        <h2>
           
          Butterfree
           
</h2>,
      ],
      "className": undefined,
    },
    "ref": null,
    "rendered": Array [
      Object {
        "instance": null,
        "key": undefined,
        "nodeType": "host",
        "props": Object {
          "children": <div
            className="sprite-border secondary flying-border"
>
            <img
                        alt="Butterfree sprite"
                        className="modal-sprite"
                        src="https://pokedex-backend-server.herokuapp.com/sprites/pokemon/large/12.png"
            />
</div>,
          "className": "sprite-border primary bug-border",
        },
        "ref": null,
        "rendered": Object {
          "instance": null,
          "key": undefined,
          "nodeType": "host",
          "props": Object {
            "children": <img
              alt="Butterfree sprite"
              className="modal-sprite"
              src="https://pokedex-backend-server.herokuapp.com/sprites/pokemon/large/12.png"
/>,
            "className": "sprite-border secondary flying-border",
          },
          "ref": null,
          "rendered": Object {
            "instance": null,
            "key": undefined,
            "nodeType": "host",
            "props": Object {
              "alt": "Butterfree sprite",
              "className": "modal-sprite",
              "src": "https://pokedex-backend-server.herokuapp.com/sprites/pokemon/large/12.png",
            },
            "ref": null,
            "rendered": null,
            "type": "img",
          },
          "type": "div",
        },
        "type": "div",
      },
      Object {
        "instance": null,
        "key": undefined,
        "nodeType": "host",
        "props": Object {
          "children": Array [
            " ",
            "Butterfree",
            " ",
          ],
        },
        "ref": null,
        "rendered": Array [
          " ",
          "Butterfree",
          " ",
        ],
        "type": "h2",
      },
    ],
    "type": "div",
  },
  Symbol(enzyme.__nodes__): Array [
    Object {
      "instance": null,
      "key": undefined,
      "nodeType": "host",
      "props": Object {
        "children": Array [
          <div
            className="sprite-border primary bug-border"
>
            <div
                        className="sprite-border secondary flying-border"
            >
                        <img
                                    alt="Butterfree sprite"
                                    className="modal-sprite"
                                    src="https://pokedex-backend-server.herokuapp.com/sprites/pokemon/large/12.png"
                        />
            </div>
</div>,
          <h2>
             
            Butterfree
             
</h2>,
        ],
        "className": undefined,
      },
      "ref": null,
      "rendered": Array [
        Object {
          "instance": null,
          "key": undefined,
          "nodeType": "host",
          "props": Object {
            "children": <div
              className="sprite-border secondary flying-border"
>
              <img
                            alt="Butterfree sprite"
                            className="modal-sprite"
                            src="https://pokedex-backend-server.herokuapp.com/sprites/pokemon/large/12.png"
              />
</div>,
            "className": "sprite-border primary bug-border",
          },
          "ref": null,
          "rendered": Object {
            "instance": null,
            "key": undefined,
            "nodeType": "host",
            "props": Object {
              "children": <img
                alt="Butterfree sprite"
                className="modal-sprite"
                src="https://pokedex-backend-server.herokuapp.com/sprites/pokemon/large/12.png"
/>,
              "className": "sprite-border secondary flying-border",
            },
            "ref": null,
            "rendered": Object {
              "instance": null,
              "key": undefined,
              "nodeType": "host",
              "props": Object {
                "alt": "Butterfree sprite",
                "className": "modal-sprite",
                "src": "https://pokedex-backend-server.herokuapp.com/sprites/pokemon/large/12.png",
              },
              "ref": null,
              "rendered": null,
              "type": "img",
            },
            "type": "div",
          },
          "type": "div",
        },
        Object {
          "instance": null,
          "key": undefined,
          "nodeType": "host",
          "props": Object {
            "children": Array [
              " ",
              "Butterfree",
              " ",
            ],
          },
          "ref": null,
          "rendered": Array [
            " ",
            "Butterfree",
            " ",
          ],
          "type": "h2",
        },
      ],
      "type": "div",
    },
  ],
  Symbol(enzyme.__options__): Object {
    "adapter": ReactSixteenAdapter {
      "options": Object {
        "enableComponentDidUpdateOnSetState": true,
        "lifecycles": Object {
          "componentDidUpdate": Object {
            "onSetState": true,
          },
          "getDerivedStateFromProps": true,
          "getSnapshotBeforeUpdate": true,
          "setState": Object {
            "skipsComponentDidUpdateOnNullish": true,
          },
        },
      },
    },
  },
}
`;
