// Jest Snapshot v1, https://goo.gl/fbAQLP

exports[`StatGraph Component should match StatGraph component snapshot 1`] = `
ShallowWrapper {
  Symbol(enzyme.__root__): [Circular],
  Symbol(enzyme.__unrendered__): <StatGraph
    stats={
        Object {
            "attack": 49,
            "defense": 49,
            "hp": 45,
            "special-attack": 65,
            "special-defense": 65,
            "speed": 45,
          }
    }
/>,
  Symbol(enzyme.__renderer__): Object {
    "batchedUpdates": [Function],
    "getNode": [Function],
    "render": [Function],
    "simulateError": [Function],
    "simulateEvent": [Function],
    "unmount": [Function],
  },
  Symbol(enzyme.__node__): Object {
    "instance": null,
    "key": undefined,
    "nodeType": "host",
    "props": Object {
      "children": Array [
        <div>
          <h3
                    className="stattitle"
          >
                    Stats
          </h3>
</div>,
        <div
          className="statgraph"
>
          <Stat
                    statAmount={45}
          />
          <Stat
                    statAmount={49}
          />
          <Stat
                    statAmount={49}
          />
          <Stat
                    statAmount={65}
          />
          <Stat
                    statAmount={65}
          />
          <Stat
                    statAmount={45}
          />
</div>,
        <div
          className="statnames"
>
          <p
                    className="statname"
          >
                    Hp
          </p>
          <p
                    className="statname"
          >
                    Attack
          </p>
          <p
                    className="statname"
          >
                    Defense
          </p>
          <p
                    className="statname"
          >
                    Special Aattack
          </p>
          <p
                    className="statname"
          >
                    Special Defense
          </p>
          <p
                    className="statname"
          >
                    Speed
          </p>
</div>,
      ],
      "className": "statcontainer",
    },
    "ref": null,
    "rendered": Array [
      Object {
        "instance": null,
        "key": undefined,
        "nodeType": "host",
        "props": Object {
          "children": <h3
            className="stattitle"
>
            Stats
</h3>,
        },
        "ref": null,
        "rendered": Object {
          "instance": null,
          "key": undefined,
          "nodeType": "host",
          "props": Object {
            "children": "Stats",
            "className": "stattitle",
          },
          "ref": null,
          "rendered": "Stats",
          "type": "h3",
        },
        "type": "div",
      },
      Object {
        "instance": null,
        "key": undefined,
        "nodeType": "host",
        "props": Object {
          "children": Array [
            <Stat
              statAmount={45}
/>,
            <Stat
              statAmount={49}
/>,
            <Stat
              statAmount={49}
/>,
            <Stat
              statAmount={65}
/>,
            <Stat
              statAmount={65}
/>,
            <Stat
              statAmount={45}
/>,
          ],
          "className": "statgraph",
        },
        "ref": null,
        "rendered": Array [
          Object {
            "instance": null,
            "key": undefined,
            "nodeType": "class",
            "props": Object {
              "statAmount": 45,
            },
            "ref": null,
            "rendered": null,
            "type": [Function],
          },
          Object {
            "instance": null,
            "key": undefined,
            "nodeType": "class",
            "props": Object {
              "statAmount": 49,
            },
            "ref": null,
            "rendered": null,
            "type": [Function],
          },
          Object {
            "instance": null,
            "key": undefined,
            "nodeType": "class",
            "props": Object {
              "statAmount": 49,
            },
            "ref": null,
            "rendered": null,
            "type": [Function],
          },
          Object {
            "instance": null,
            "key": undefined,
            "nodeType": "class",
            "props": Object {
              "statAmount": 65,
            },
            "ref": null,
            "rendered": null,
            "type": [Function],
          },
          Object {
            "instance": null,
            "key": undefined,
            "nodeType": "class",
            "props": Object {
              "statAmount": 65,
            },
            "ref": null,
            "rendered": null,
            "type": [Function],
          },
          Object {
            "instance": null,
            "key": undefined,
            "nodeType": "class",
            "props": Object {
              "statAmount": 45,
            },
            "ref": null,
            "rendered": null,
            "type": [Function],
          },
        ],
        "type": "div",
      },
      Object {
        "instance": null,
        "key": undefined,
        "nodeType": "host",
        "props": Object {
          "children": Array [
            <p
              className="statname"
>
              Hp
</p>,
            <p
              className="statname"
>
              Attack
</p>,
            <p
              className="statname"
>
              Defense
</p>,
            <p
              className="statname"
>
              Special Aattack
</p>,
            <p
              className="statname"
>
              Special Defense
</p>,
            <p
              className="statname"
>
              Speed
</p>,
          ],
          "className": "statnames",
        },
        "ref": null,
        "rendered": Array [
          Object {
            "instance": null,
            "key": undefined,
            "nodeType": "host",
            "props": Object {
              "children": "Hp",
              "className": "statname",
            },
            "ref": null,
            "rendered": "Hp",
            "type": "p",
          },
          Object {
            "instance": null,
            "key": undefined,
            "nodeType": "host",
            "props": Object {
              "children": "Attack",
              "className": "statname",
            },
            "ref": null,
            "rendered": "Attack",
            "type": "p",
          },
          Object {
            "instance": null,
            "key": undefined,
            "nodeType": "host",
            "props": Object {
              "children": "Defense",
              "className": "statname",
            },
            "ref": null,
            "rendered": "Defense",
            "type": "p",
          },
          Object {
            "instance": null,
            "key": undefined,
            "nodeType": "host",
            "props": Object {
              "children": "Special Aattack",
              "className": "statname",
            },
            "ref": null,
            "rendered": "Special Aattack",
            "type": "p",
          },
          Object {
            "instance": null,
            "key": undefined,
            "nodeType": "host",
            "props": Object {
              "children": "Special Defense",
              "className": "statname",
            },
            "ref": null,
            "rendered": "Special Defense",
            "type": "p",
          },
          Object {
            "instance": null,
            "key": undefined,
            "nodeType": "host",
            "props": Object {
              "children": "Speed",
              "className": "statname",
            },
            "ref": null,
            "rendered": "Speed",
            "type": "p",
          },
        ],
        "type": "div",
      },
    ],
    "type": "div",
  },
  Symbol(enzyme.__nodes__): Array [
    Object {
      "instance": null,
      "key": undefined,
      "nodeType": "host",
      "props": Object {
        "children": Array [
          <div>
            <h3
                        className="stattitle"
            >
                        Stats
            </h3>
</div>,
          <div
            className="statgraph"
>
            <Stat
                        statAmount={45}
            />
            <Stat
                        statAmount={49}
            />
            <Stat
                        statAmount={49}
            />
            <Stat
                        statAmount={65}
            />
            <Stat
                        statAmount={65}
            />
            <Stat
                        statAmount={45}
            />
</div>,
          <div
            className="statnames"
>
            <p
                        className="statname"
            >
                        Hp
            </p>
            <p
                        className="statname"
            >
                        Attack
            </p>
            <p
                        className="statname"
            >
                        Defense
            </p>
            <p
                        className="statname"
            >
                        Special Aattack
            </p>
            <p
                        className="statname"
            >
                        Special Defense
            </p>
            <p
                        className="statname"
            >
                        Speed
            </p>
</div>,
        ],
        "className": "statcontainer",
      },
      "ref": null,
      "rendered": Array [
        Object {
          "instance": null,
          "key": undefined,
          "nodeType": "host",
          "props": Object {
            "children": <h3
              className="stattitle"
>
              Stats
</h3>,
          },
          "ref": null,
          "rendered": Object {
            "instance": null,
            "key": undefined,
            "nodeType": "host",
            "props": Object {
              "children": "Stats",
              "className": "stattitle",
            },
            "ref": null,
            "rendered": "Stats",
            "type": "h3",
          },
          "type": "div",
        },
        Object {
          "instance": null,
          "key": undefined,
          "nodeType": "host",
          "props": Object {
            "children": Array [
              <Stat
                statAmount={45}
/>,
              <Stat
                statAmount={49}
/>,
              <Stat
                statAmount={49}
/>,
              <Stat
                statAmount={65}
/>,
              <Stat
                statAmount={65}
/>,
              <Stat
                statAmount={45}
/>,
            ],
            "className": "statgraph",
          },
          "ref": null,
          "rendered": Array [
            Object {
              "instance": null,
              "key": undefined,
              "nodeType": "class",
              "props": Object {
                "statAmount": 45,
              },
              "ref": null,
              "rendered": null,
              "type": [Function],
            },
            Object {
              "instance": null,
              "key": undefined,
              "nodeType": "class",
              "props": Object {
                "statAmount": 49,
              },
              "ref": null,
              "rendered": null,
              "type": [Function],
            },
            Object {
              "instance": null,
              "key": undefined,
              "nodeType": "class",
              "props": Object {
                "statAmount": 49,
              },
              "ref": null,
              "rendered": null,
              "type": [Function],
            },
            Object {
              "instance": null,
              "key": undefined,
              "nodeType": "class",
              "props": Object {
                "statAmount": 65,
              },
              "ref": null,
              "rendered": null,
              "type": [Function],
            },
            Object {
              "instance": null,
              "key": undefined,
              "nodeType": "class",
              "props": Object {
                "statAmount": 65,
              },
              "ref": null,
              "rendered": null,
              "type": [Function],
            },
            Object {
              "instance": null,
              "key": undefined,
              "nodeType": "class",
              "props": Object {
                "statAmount": 45,
              },
              "ref": null,
              "rendered": null,
              "type": [Function],
            },
          ],
          "type": "div",
        },
        Object {
          "instance": null,
          "key": undefined,
          "nodeType": "host",
          "props": Object {
            "children": Array [
              <p
                className="statname"
>
                Hp
</p>,
              <p
                className="statname"
>
                Attack
</p>,
              <p
                className="statname"
>
                Defense
</p>,
              <p
                className="statname"
>
                Special Aattack
</p>,
              <p
                className="statname"
>
                Special Defense
</p>,
              <p
                className="statname"
>
                Speed
</p>,
            ],
            "className": "statnames",
          },
          "ref": null,
          "rendered": Array [
            Object {
              "instance": null,
              "key": undefined,
              "nodeType": "host",
              "props": Object {
                "children": "Hp",
                "className": "statname",
              },
              "ref": null,
              "rendered": "Hp",
              "type": "p",
            },
            Object {
              "instance": null,
              "key": undefined,
              "nodeType": "host",
              "props": Object {
                "children": "Attack",
                "className": "statname",
              },
              "ref": null,
              "rendered": "Attack",
              "type": "p",
            },
            Object {
              "instance": null,
              "key": undefined,
              "nodeType": "host",
              "props": Object {
                "children": "Defense",
                "className": "statname",
              },
              "ref": null,
              "rendered": "Defense",
              "type": "p",
            },
            Object {
              "instance": null,
              "key": undefined,
              "nodeType": "host",
              "props": Object {
                "children": "Special Aattack",
                "className": "statname",
              },
              "ref": null,
              "rendered": "Special Aattack",
              "type": "p",
            },
            Object {
              "instance": null,
              "key": undefined,
              "nodeType": "host",
              "props": Object {
                "children": "Special Defense",
                "className": "statname",
              },
              "ref": null,
              "rendered": "Special Defense",
              "type": "p",
            },
            Object {
              "instance": null,
              "key": undefined,
              "nodeType": "host",
              "props": Object {
                "children": "Speed",
                "className": "statname",
              },
              "ref": null,
              "rendered": "Speed",
              "type": "p",
            },
          ],
          "type": "div",
        },
      ],
      "type": "div",
    },
  ],
  Symbol(enzyme.__options__): Object {
    "adapter": ReactSixteenAdapter {
      "options": Object {
        "enableComponentDidUpdateOnSetState": true,
        "lifecycles": Object {
          "componentDidUpdate": Object {
            "onSetState": true,
          },
          "getDerivedStateFromProps": true,
          "getSnapshotBeforeUpdate": true,
          "setState": Object {
            "skipsComponentDidUpdateOnNullish": true,
          },
        },
      },
    },
  },
}
`;
